Category: 📺央视频道, Name: CCTV-1, Total: 27, Valid: 27, Valid Percent: 100.00%, Whitelist: 0, IPv4: 13, IPv6: 14, Min Delay: 57 ms, Max Speed: 44.47 M/s, Avg Speed: 8.33 M/s, Max Resolution: 1920x1080
Category: 📺央视频道, Name: CCTV-2, Total: 25, Valid: 25, Valid Percent: 100.00%, Whitelist: 0, IPv4: 9, IPv6: 16, Min Delay: 57 ms, Max Speed: 44.47 M/s, Avg Speed: 4.67 M/s, Max Resolution: 1920x1080
Category: 📺央视频道, Name: CCTV-3, Total: 22, Valid: 22, Valid Percent: 100.00%, Whitelist: 0, IPv4: 8, IPv6: 14, Min Delay: 57 ms, Max Speed: 44.47 M/s, Avg Speed: 5.50 M/s, Max Resolution: 1920x1080
Category: 📺央视频道, Name: CCTV-4, Total: 21, Valid: 21, Valid Percent: 100.00%, Whitelist: 0, IPv4: 9, IPv6: 12, Min Delay: 57 ms, Max Speed: 44.47 M/s, Avg Speed: 4.76 M/s, Max Resolution: 1920x1080
Category: 📺央视频道, Name: CCTV-5, Total: 84, Valid: 72, Valid Percent: 85.71%, Whitelist: 0, IPv4: 66, IPv6: 18, Min Delay: 57 ms, Max Speed: 44.47 M/s, Avg Speed: 3.10 M/s, Max Resolution: 1920x1080
Category: 📺央视频道, Name: CCTV-5+, Total: 17, Valid: 17, Valid Percent: 100.00%, Whitelist: 0, IPv4: 3, IPv6: 14, Min Delay: 57 ms, Max Speed: 44.47 M/s, Avg Speed: 5.73 M/s, Max Resolution: 1920x1080
Category: 📺央视频道, Name: CCTV-6, Total: 26, Valid: 26, Valid Percent: 100.00%, Whitelist: 0, IPv4: 11, IPv6: 15, Min Delay: 57 ms, Max Speed: 44.47 M/s, Avg Speed: 4.28 M/s, Max Resolution: 1920x1080
Category: 📺央视频道, Name: CCTV-7, Total: 25, Valid: 25, Valid Percent: 100.00%, Whitelist: 0, IPv4: 11, IPv6: 14, Min Delay: 57 ms, Max Speed: 44.47 M/s, Avg Speed: 4.90 M/s, Max Resolution: 1920x1080
Category: 📺央视频道, Name: CCTV-8, Total: 24, Valid: 24, Valid Percent: 100.00%, Whitelist: 0, IPv4: 12, IPv6: 12, Min Delay: 57 ms, Max Speed: 44.47 M/s, Avg Speed: 4.44 M/s, Max Resolution: 1920x1080
Category: 📺央视频道, Name: CCTV-9, Total: 31, Valid: 31, Valid Percent: 100.00%, Whitelist: 0, IPv4: 15, IPv6: 16, Min Delay: 57 ms, Max Speed: 44.47 M/s, Avg Speed: 3.67 M/s, Max Resolution: 1920x1080
Category: 📺央视频道, Name: CCTV-10, Total: 46, Valid: 46, Valid Percent: 100.00%, Whitelist: 0, IPv4: 33, IPv6: 13, Min Delay: 57 ms, Max Speed: 7.79 M/s, Avg Speed: 1.47 M/s, Max Resolution: 1920x1080
Category: 📺央视频道, Name: CCTV-11, Total: 43, Valid: 43, Valid Percent: 100.00%, Whitelist: 0, IPv4: 28, IPv6: 15, Min Delay: 57 ms, Max Speed: 44.47 M/s, Avg Speed: 2.32 M/s, Max Resolution: 1920x1080
Category: 📺央视频道, Name: CCTV-12, Total: 46, Valid: 46, Valid Percent: 100.00%, Whitelist: 0, IPv4: 29, IPv6: 17, Min Delay: 57 ms, Max Speed: 44.47 M/s, Avg Speed: 2.59 M/s, Max Resolution: 1920x1080
Category: 📺央视频道, Name: CCTV-13, Total: 50, Valid: 48, Valid Percent: 96.00%, Whitelist: 0, IPv4: 28, IPv6: 22, Min Delay: 57 ms, Max Speed: 31.27 M/s, Avg Speed: 2.99 M/s, Max Resolution: 1920x1080
Category: 📺央视频道, Name: CCTV-14, Total: 45, Valid: 44, Valid Percent: 97.78%, Whitelist: 0, IPv4: 29, IPv6: 16, Min Delay: 57 ms, Max Speed: 44.47 M/s, Avg Speed: 2.54 M/s, Max Resolution: 1920x1080
Category: 📺央视频道, Name: CCTV-15, Total: 43, Valid: 42, Valid Percent: 97.67%, Whitelist: 0, IPv4: 30, IPv6: 13, Min Delay: 57 ms, Max Speed: 7.79 M/s, Avg Speed: 1.97 M/s, Max Resolution: 1920x1080
Category: 📺央视频道, Name: CCTV-16, Total: 17, Valid: 14, Valid Percent: 82.35%, Whitelist: 0, IPv4: 14, IPv6: 3, Min Delay: 57 ms, Max Speed: 44.47 M/s, Avg Speed: 5.69 M/s, Max Resolution: 1920x1080
Category: 📺央视频道, Name: CCTV-17, Total: 34, Valid: 33, Valid Percent: 97.06%, Whitelist: 0, IPv4: 19, IPv6: 15, Min Delay: 57 ms, Max Speed: 44.47 M/s, Avg Speed: 3.48 M/s, Max Resolution: 1920x1080
Category: 📺央视频道, Name: CETV-1, Total: 12, Valid: 7, Valid Percent: 58.33%, Whitelist: 0, IPv4: 12, IPv6: 0, Min Delay: 57 ms, Max Speed: 0.29 M/s, Avg Speed: 0.08 M/s, Max Resolution: 1920x1080
Category: 📺央视频道, Name: CETV-2, Total: 3, Valid: 1, Valid Percent: 33.33%, Whitelist: 0, IPv4: 3, IPv6: 0, Min Delay: 57 ms, Max Speed: 0.29 M/s, Avg Speed: 0.29 M/s, Max Resolution: 1920x1080
Category: 📺央视频道, Name: CETV-4, Total: 8, Valid: 6, Valid Percent: 75.00%, Whitelist: 0, IPv4: 8, IPv6: 0, Min Delay: 57 ms, Max Speed: 0.89 M/s, Avg Speed: 0.36 M/s, Max Resolution: 1920x1080
Category: 💰央视付费频道, Name: 文化精品, Total: 4, Valid: 2, Valid Percent: 50.00%, Whitelist: 0, IPv4: 4, IPv6: 0, Min Delay: 515 ms, Max Speed: 7.79 M/s, Avg Speed: 3.95 M/s, Max Resolution: 1920x1080
Category: 💰央视付费频道, Name: 央视台球, Total: 3, Valid: 3, Valid Percent: 100.00%, Whitelist: 0, IPv4: 1, IPv6: 2, Min Delay: 1292 ms, Max Speed: 0.50 M/s, Avg Speed: 0.34 M/s, Max Resolution: 1280x720
Category: 💰央视付费频道, Name: 风云音乐, Total: 8, Valid: 6, Valid Percent: 75.00%, Whitelist: 0, IPv4: 8, IPv6: 0, Min Delay: 440 ms, Max Speed: 7.79 M/s, Avg Speed: 2.65 M/s, Max Resolution: 1920x1080
Category: 💰央视付费频道, Name: 第一剧场, Total: 6, Valid: 4, Valid Percent: 66.67%, Whitelist: 0, IPv4: 5, IPv6: 1, Min Delay: 440 ms, Max Speed: 0.50 M/s, Avg Speed: 0.19 M/s, Max Resolution: 1920x1080
Category: 💰央视付费频道, Name: 风云剧场, Total: 6, Valid: 4, Valid Percent: 66.67%, Whitelist: 0, IPv4: 6, IPv6: 0, Min Delay: 515 ms, Max Speed: 7.79 M/s, Avg Speed: 2.02 M/s, Max Resolution: 1920x1080
Category: 💰央视付费频道, Name: 怀旧剧场, Total: 7, Valid: 5, Valid Percent: 71.43%, Whitelist: 0, IPv4: 7, IPv6: 0, Min Delay: 440 ms, Max Speed: 7.79 M/s, Avg Speed: 1.63 M/s, Max Resolution: 1920x1080
Category: 💰央视付费频道, Name: 女性时尚, Total: 7, Valid: 4, Valid Percent: 57.14%, Whitelist: 0, IPv4: 7, IPv6: 0, Min Delay: 1696 ms, Max Speed: 0.36 M/s, Avg Speed: 0.22 M/s, Max Resolution: 1280x720
Category: 💰央视付费频道, Name: 高尔夫网球, Total: 7, Valid: 5, Valid Percent: 71.43%, Whitelist: 0, IPv4: 7, IPv6: 0, Min Delay: 398 ms, Max Speed: 0.11 M/s, Avg Speed: 0.04 M/s, Max Resolution: 1920x1080
Category: 💰央视付费频道, Name: 风云足球, Total: 8, Valid: 8, Valid Percent: 100.00%, Whitelist: 0, IPv4: 6, IPv6: 2, Min Delay: 1292 ms, Max Speed: 0.50 M/s, Avg Speed: 0.26 M/s, Max Resolution: 1920x1080
Category: 💰央视付费频道, Name: 电视指南, Total: 4, Valid: 2, Valid Percent: 50.00%, Whitelist: 0, IPv4: 4, IPv6: 0, Min Delay: 440 ms, Max Speed: 7.79 M/s, Avg Speed: 3.91 M/s, Max Resolution: 1920x1080
Category: 💰央视付费频道, Name: 世界地理, Total: 4, Valid: 4, Valid Percent: 100.00%, Whitelist: 0, IPv4: 4, IPv6: 0, Min Delay: 1696 ms, Max Speed: 0.36 M/s, Avg Speed: 0.12 M/s, Max Resolution: 1280x720
Category: 💰央视付费频道, Name: 兵器科技, Total: 7, Valid: 5, Valid Percent: 71.43%, Whitelist: 0, IPv4: 7, IPv6: 0, Min Delay: 440 ms, Max Speed: 0.11 M/s, Avg Speed: 0.08 M/s, Max Resolution: 1920x1080
Category: ☘️北京频道, Name: 北京新闻, Total: 12, Valid: 12, Valid Percent: 100.00%, Whitelist: 0, IPv4: 8, IPv6: 4, Min Delay: 80 ms, Max Speed: 1.18 M/s, Avg Speed: 0.40 M/s, Max Resolution: 1920x1080
Category: ☘️北京频道, Name: 北京生活, Total: 1, Valid: 1, Valid Percent: 100.00%, Whitelist: 0, IPv4: 1, IPv6: 0, Min Delay: 1112 ms, Max Speed: 0.08 M/s, Avg Speed: 0.08 M/s, Max Resolution: None
Category: ☘️北京频道, Name: 北京科教, Total: 2, Valid: 2, Valid Percent: 100.00%, Whitelist: 0, IPv4: 2, IPv6: 0, Min Delay: 42 ms, Max Speed: 2.78 M/s, Avg Speed: 2.78 M/s, Max Resolution: 19x24
Category: ☘️北京频道, Name: 北京财经, Total: 1, Valid: 1, Valid Percent: 100.00%, Whitelist: 0, IPv4: 1, IPv6: 0, Min Delay: 1112 ms, Max Speed: 0.08 M/s, Avg Speed: 0.08 M/s, Max Resolution: None
Category: ☘️上海频道, Name: 上海第一财经, Total: 2, Valid: 2, Valid Percent: 100.00%, Whitelist: 0, IPv4: 1, IPv6: 1, Min Delay: 57 ms, Max Speed: 1.01 M/s, Avg Speed: 0.65 M/s, Max Resolution: 1920x1080
Category: ☘️上海频道, Name: 东方财经, Total: 3, Valid: 3, Valid Percent: 100.00%, Whitelist: 0, IPv4: 3, IPv6: 0, Min Delay: 12320 ms, Max Speed: 0.25 M/s, Avg Speed: 0.10 M/s, Max Resolution: 1920x1080
Category: ☘️上海频道, Name: 第一财经, Total: 9, Valid: 9, Valid Percent: 100.00%, Whitelist: 0, IPv4: 4, IPv6: 5, Min Delay: 80 ms, Max Speed: 31.27 M/s, Avg Speed: 4.59 M/s, Max Resolution: 1920x1080
Category: ☘️江苏频道, Name: 苏州4k, Total: 2, Valid: 2, Valid Percent: 100.00%, Whitelist: 0, IPv4: 2, IPv6: 0, Min Delay: 1015 ms, Max Speed: 0.58 M/s, Avg Speed: 0.58 M/s, Max Resolution: 1280x720
Category: ☘️江苏频道, Name: 苏州文化生活, Total: 1, Valid: 1, Valid Percent: 100.00%, Whitelist: 0, IPv4: 1, IPv6: 0, Min Delay: 1015 ms, Max Speed: 0.58 M/s, Avg Speed: 0.58 M/s, Max Resolution: 1280x720
Category: ☘️江苏频道, Name: 苏州新闻综合, Total: 1, Valid: 1, Valid Percent: 100.00%, Whitelist: 0, IPv4: 1, IPv6: 0, Min Delay: 1015 ms, Max Speed: 0.58 M/s, Avg Speed: 0.58 M/s, Max Resolution: 1280x720
Category: ☘️江苏频道, Name: 苏州生活资讯, Total: 1, Valid: 1, Valid Percent: 100.00%, Whitelist: 0, IPv4: 1, IPv6: 0, Min Delay: 1015 ms, Max Speed: 0.58 M/s, Avg Speed: 0.58 M/s, Max Resolution: 1280x720
Category: ☘️江苏频道, Name: 苏州社会经济, Total: 1, Valid: 1, Valid Percent: 100.00%, Whitelist: 0, IPv4: 1, IPv6: 0, Min Delay: 1015 ms, Max Speed: 0.58 M/s, Avg Speed: 0.58 M/s, Max Resolution: 1280x720
Category: 🏀体育频道, Name: CCTV-5, Total: 64, Valid: 56, Valid Percent: 87.50%, Whitelist: 0, IPv4: 47, IPv6: 17, Min Delay: 57 ms, Max Speed: 44.47 M/s, Avg Speed: 3.60 M/s, Max Resolution: 1920x1080
Category: 🏀体育频道, Name: CCTV-5+, Total: 16, Valid: 16, Valid Percent: 100.00%, Whitelist: 0, IPv4: 2, IPv6: 14, Min Delay: 57 ms, Max Speed: 44.47 M/s, Avg Speed: 6.09 M/s, Max Resolution: 1920x1080
Category: 🏀体育频道, Name: 广东体育, Total: 25, Valid: 23, Valid Percent: 92.00%, Whitelist: 0, IPv4: 22, IPv6: 3, Min Delay: 57 ms, Max Speed: 73.66 M/s, Avg Speed: 12.19 M/s, Max Resolution: 1920x1080
Category: 🏀体育频道, Name: 纬来体育, Total: 9, Valid: 8, Valid Percent: 88.89%, Whitelist: 0, IPv4: 6, IPv6: 3, Min Delay: 42 ms, Max Speed: 7.41 M/s, Avg Speed: 4.82 M/s, Max Resolution: 1920x1080
Category: 🏀体育频道, Name: 五星体育, Total: 6, Valid: 6, Valid Percent: 100.00%, Whitelist: 0, IPv4: 3, IPv6: 3, Min Delay: 58 ms, Max Speed: 31.27 M/s, Avg Speed: 10.23 M/s, Max Resolution: 1920x1080
Category: 🏀体育频道, Name: 劲爆体育, Total: 7, Valid: 7, Valid Percent: 100.00%, Whitelist: 0, IPv4: 4, IPv6: 3, Min Delay: 57 ms, Max Speed: 44.47 M/s, Avg Speed: 7.55 M/s, Max Resolution: 1920x1080
Category: 🏀体育频道, Name: 爱体育, Total: 7, Valid: 1, Valid Percent: 14.29%, Whitelist: 0, IPv4: 6, IPv6: 1, Min Delay: 102 ms, Max Speed: 44.47 M/s, Avg Speed: 44.47 M/s, Max Resolution: 1920x1080
Category: 🏀体育频道, Name: 超级体育, Total: 1, Valid: 0, Valid Percent: 0.00%, Whitelist: 0, IPv4: 1, IPv6: 0, Min Delay: 214 ms, Max Speed: 0.00 M/s, Avg Speed: 0.00 M/s, Max Resolution: 1280x720
Category: 🏀体育频道, Name: 精品体育, Total: 4, Valid: 3, Valid Percent: 75.00%, Whitelist: 0, IPv4: 1, IPv6: 3, Min Delay: 214 ms, Max Speed: 0.50 M/s, Avg Speed: 0.50 M/s, Max Resolution: 1280x720
Category: 🏀体育频道, Name: 山东体育, Total: 19, Valid: 17, Valid Percent: 89.47%, Whitelist: 0, IPv4: 19, IPv6: 0, Min Delay: 80 ms, Max Speed: 1.18 M/s, Avg Speed: 0.22 M/s, Max Resolution: 1920x1080
Category: 🏀体育频道, Name: 天津体育, Total: 7, Valid: 7, Valid Percent: 100.00%, Whitelist: 0, IPv4: 7, IPv6: 0, Min Delay: 515 ms, Max Speed: 7.79 M/s, Avg Speed: 2.47 M/s, Max Resolution: 1920x1080
Category: 🏀体育频道, Name: 安徽综艺体育, Total: 1, Valid: 1, Valid Percent: 100.00%, Whitelist: 0, IPv4: 1, IPv6: 0, Min Delay: 12525 ms, Max Speed: 0.12 M/s, Avg Speed: 0.12 M/s, Max Resolution: 1920x1080
Category: 🏀体育频道, Name: 睛彩广场舞, Total: 2, Valid: 0, Valid Percent: 0.00%, Whitelist: 0, IPv4: 2, IPv6: 0, Min Delay: 12005 ms, Max Speed: 0.00 M/s, Avg Speed: 0.00 M/s, Max Resolution: None
Category: 🏀体育频道, Name: 风云足球, Total: 8, Valid: 8, Valid Percent: 100.00%, Whitelist: 0, IPv4: 6, IPv6: 2, Min Delay: 1292 ms, Max Speed: 0.50 M/s, Avg Speed: 0.26 M/s, Max Resolution: 1920x1080
Category: 🏀体育频道, Name: 魅力足球, Total: 8, Valid: 8, Valid Percent: 100.00%, Whitelist: 0, IPv4: 5, IPv6: 3, Min Delay: 110 ms, Max Speed: 3.78 M/s, Avg Speed: 1.46 M/s, Max Resolution: 1920x1080
Category: 🏀体育频道, Name: 快乐垂钓, Total: 2, Valid: 2, Valid Percent: 100.00%, Whitelist: 0, IPv4: 1, IPv6: 1, Min Delay: 102 ms, Max Speed: 44.47 M/s, Avg Speed: 22.24 M/s, Max Resolution: 1920x1080
Category: 🎵音乐频道, Name: CCTV-15, Total: 42, Valid: 41, Valid Percent: 97.62%, Whitelist: 0, IPv4: 29, IPv6: 13, Min Delay: 57 ms, Max Speed: 7.79 M/s, Avg Speed: 2.01 M/s, Max Resolution: 1920x1080
Category: 🎵音乐频道, Name: 风云音乐, Total: 8, Valid: 6, Valid Percent: 75.00%, Whitelist: 0, IPv4: 8, IPv6: 0, Min Delay: 440 ms, Max Speed: 7.79 M/s, Avg Speed: 2.65 M/s, Max Resolution: 1920x1080
Category: 🎵音乐频道, Name: 音乐现场, Total: 2, Valid: 2, Valid Percent: 100.00%, Whitelist: 0, IPv4: 2, IPv6: 0, Min Delay: 80 ms, Max Speed: 1.18 M/s, Avg Speed: 1.10 M/s, Max Resolution: None
Category: 🎵音乐频道, Name: 音乐之声, Total: 5, Valid: 5, Valid Percent: 100.00%, Whitelist: 0, IPv4: 5, IPv6: 0, Min Delay: 80 ms, Max Speed: 1.18 M/s, Avg Speed: 0.51 M/s, Max Resolution: None
